Error in source("code.R", echo = TRUE, max.deparse.length = 10000) : 
  invalid multibyte character in parser at line 54
                                                                                                                                                                                                                                                                                                                                                                                                                                                                                                                                                                                                                                                                                                                                                                                                                                                                                                                                                                                                                                                                                                                                                                                                                                                                                                                                                                                                                                                                                                                                                                                                                                                                                                                                                                                                                                                                                                                                                                                                                                                                                                                                                                                                                                                                                                                                                                                                                                                                                                                                                                                                                                                                                                                                                                                                                                                                                                                                                                                                                                                                                                                                                                                                                                                                                                                                            Error in source("code.R", echo = TRUE, max.deparse.length = 10000) : 
  invalid multibyte character in parser at line 54
Error in source("code.R", echo = TRUE, max.deparse.length = 10000) : 
  invalid multibyte character in parser at line 54

  invalid multibyte character in parser at line 54
[1]  7 10 13
     [,1]
[1,]   32
     [,1] [,2] [,3]
[1,]    4    5    6
[2,]    8   10   12
[3,]   12   15   18
     [,1] [,2] [,3] [,4] [,5]
[1,]    1    5    9   13   17
[2,]    2    6   10   14   18
[3,]    3    7   11   15   19
[4,]    4    8   12   16   20
     [,1] [,2] [,3] [,4] [,5]
[1,]    1    2    3    4    5
[2,]    6    7    8    9   10
[3,]   11   12   13   14   15
[4,]   16   17   18   19   20
     [,1] [,2] [,3] [,4] [,5]
[1,]    2    7   12   17   22
[2,]    8   13   18   23   28
[3,]   14   19   24   29   34
[4,]   20   25   30   35   40
     [,1] [,2] [,3] [,4]
[1,]  175  400  625  850
[2,]  190  440  690  940
[3,]  205  480  755 1030
[4,]  220  520  820 1120
     [,1] [,2] [,3] [,4] [,5]
[1,]    1   10   27   52   85
[2,]   12   42   80  126  180
[3,]   33   84  143  210  285
[4,]   64  136  216  304  400
     [,1] [,2] [,3]
[1,]    1    5    9
[2,]    2    6   10
[3,]    3    7   11
     [,1] [,2] [,3] [,4]
[1,]    1    2    4    5
[2,]    6    7    9   10
[3,]   11   12   14   15
[4,]   16   17   19   20
 [1] 1 1 1 1 1 2 2 2 3 3 3 3 4 4
          [,1]      [,2]      [,3]      [,4]      [,5]
[1,] 1.0000000 0.5000000 0.3333333 0.2500000 0.2000000
[2,] 0.5000000 0.3333333 0.2500000 0.2000000 0.1666667
[3,] 0.3333333 0.2500000 0.2000000 0.1666667 0.1428571
[4,] 0.2500000 0.2000000 0.1666667 0.1428571 0.1250000
[5,] 0.2000000 0.1666667 0.1428571 0.1250000 0.1111111
[1] 3.749295e-12
      [,1]   [,2]    [,3]    [,4]   [,5]
[1,]    25   -300    1050   -1400    630
[2,]  -300   4800  -18900   26880 -12600
[3,]  1050 -18900   79380 -117600  56700
[4,] -1400  26880 -117600  179200 -88200
[5,]   630 -12600   56700  -88200  44100
eigen() decomposition
$values
[1] 1.567051e+00 2.085342e-01 1.140749e-02 3.058980e-04 3.287929e-06

$vectors
           [,1]       [,2]       [,3]        [,4]         [,5]
[1,] -0.7678547  0.6018715 -0.2142136  0.04716181  0.006173863
[2,] -0.4457911 -0.2759134  0.7241021 -0.43266733 -0.116692747
[3,] -0.3215783 -0.4248766  0.1204533  0.66735044  0.506163658
[4,] -0.2534389 -0.4439030 -0.3095740  0.23302452 -0.767191193
[5,] -0.2098226 -0.4290134 -0.5651934 -0.55759995  0.376245545

  Name Sex Age Height Weight
1 张三  女  14    156   42.0
2 李四  男  15    165   49.0
3 王五  女  16    157   41.5
4 赵六  男  14    162   52.0
5 丁一  女  15    159   45.5
  Name Sex Age Height Weight
1 张三  女  14    156   42.0
2 李四  男  15    165   49.0
3 王五  女  16    157   41.5
4 赵六  男  14    162   52.0
5 丁一  女  15    159   45.5
  X Name Sex Age Height Weight
1 1 张三  女  14    156   42.0
2 2 李四  男  15    165   49.0
3 3 王五  女  16    157   41.5
4 4 赵六  男  14    162   52.0
5 5 丁一  女  15    159   45.5
$fail
[1] "Pls enter a positive integer"

[1] "Success"
[1] "Success"
